{
  "gameSwitches": {
    "1": false,
    "2": null,
    "3": true,
    "@c": 2
  },
  "gameVariables": {
    "1": "a",
    "2": true,
    "3": null,
    "4": 1,
    "@c": 3
  },
  "@c": 1
}